
> next-js-sample-sdk-app@0.1.0 build
> next build

Γû▓ Next.js 16.2.1 (Turbopack)

  Creating an optimized production build ...
Γ£ô Compiled successfully in 1803ms
  Running TypeScript ...
  Finished TypeScript in 1627ms ...
  Collecting page data using 11 workers ...
  Generating static pages using 11 workers (0/9) ...
node.exe : Error 
occurred prerendering 
page "/_not-found". 
Read more: https://nex
tjs.org/docs/messages/
prerender-error
At line:1 char:1
+ & "C:\nvm4w\nodejs/n
ode.exe" "C:\nvm4w\nod
ejs/node_modules/npm/b
in/np ...
+ ~~~~~~~~~~~~~~~~~~~~
~~~~~~~~~~~~~~~~~~~~~~
~~~~~~~~~~~~~~~~~~~~~~
~~~~~
    + CategoryInfo    
          : NotSpeci  
  fied: (Error occu   
 rred ...prerender    
-error:String) []    
, RemoteException
    + FullyQualifiedE 
   rrorId : NativeCo  
  mmandError
 
Error: useCart must 
be used within a 
CartProvider
    at <unknown> (D:\d
inakaran_profile\POC\N
ext-JS\next-js-sample-
sdk-app\.next\server\c
hunks\ssr\_0t5dqjg._.j
s:1:1009)
    at <unknown> (D:\d
inakaran_profile\POC\N
ext-JS\next-js-sample-
sdk-app\.next\server\c
hunks\ssr\[root-of-the
-server]__0tt47ke._.js
:1:2923) {
  digest: '1381534266'
}
Export encountered an 
error on 
/_not-found/page: 
/_not-found, exiting 
the build.
Γ¿» Next.js build 
worker exited with 
code: 1 and signal: 
null
